C51 COMPILER V7.10   MEMALLOC                                                              02/25/2011 15:38:12 PAGE 1   


C51 COMPILER V7.10, COMPILATION OF MODULE MEMALLOC
OBJECT MODULE PLACED IN .\obj\Memalloc.obj
COMPILER INVOKED BY: F:\Keil C 7.10\chengxu\C51\BIN\C51.EXE ..\LIBSOURCE\DOS\Memalloc.c LARGE OPTIMIZE(9,SIZE) BROWSE NO
                    -AREGS INCDIR(..\libsource\header) DEFINE(K_ICTYPE=0x03) DEBUG OBJECTEXTEND PRINT(.\lst\Memalloc.lst) OBJECT(.\obj\Memall
                    -oc.obj)

line level    source

   1          #include "define.h"
   2          #include "dos\fs_struct.h"
   3          
   4          
   5          data    bit     gb_FindFile;
   6          data    bit     gb_TriggerFileSkip;
   7          data    bit     gb_ReadWriteDataArea;//select the area of read/write with flash
   8          data    bit     gb_CountDirFlag;
   9          data    bit     gb_LrcGetTimeOrNot;
  10          data    bit     gb_LrcFileName_Exist;
  11          data    bit     gb_FindFlag;
  12          data    bit     gb_NeedEraseUpdateBlock;
  13          data    U8      gc_CurrentCard;
  14          
  15          xdata   U8      gc_Task_Current;
  16          xdata   U8      gc_Task_Next;
  17          xdata   U8      gc_FileLongName[256];
  18          xdata   U8      gc_DOS_SectorPerCluster;
  19          xdata   U8      gc_DOS_FileSystemType;
  20          xdata   U8      gc_ClusBufValidSize;            //!< The number of free clusters in gdw_ClusterBuffer[].
  21          xdata   U8      gc_ClusBufValidPoint;           //!< The index of gdw_ClusterBuffer[] which is last read.
  22          xdata   U16     gw_FileIndex[3];
  23          xdata   U16     gw_FileTotalNumber[3];
  24          xdata   U32     gdw_DOS_RootDirClus;
  25          xdata   U32     gdw_DOS_FatMaxCluster;
  26          xdata   U32     gdw_DOS_DataAddr;
  27          xdata   U32     gdw_DOS_RootDirAddr;
  28          xdata   U32     gdw_DOS_SectorPerFAT;
  29          xdata   U32     gdw_DOS_Fat1Addr;
  30          xdata   U32     gdw_DOS_Fat2Addr;
  31          xdata   U32     gdw_TotalFreeClusNumber;
  32          xdata   U32     gdw_FreeClusterNum[2];
  33          xdata   U32     gdw_ClusterBuffer[8];           //!< FAT free cluster address buffer managed by gc_ClusBufValidSize & gc_
             -ClusBufValidPoint.
  34          xdata   U32     gdw_CurrFlag;
  35          xdata   U32     gdw_StartCluster2;
  36          
  37          xdata File_FCB gs_File_FCB[3];
  38          xdata DIR_FCB gs_DIR_FCB[3];
  39          xdata U16   gw_DirIndex[2];
  40          xdata U8  gc_NeedNewBlock;
  41          xdata U16 gw_FileSkipNumber;    //Ching 080805 - For quick search , if not 0
  42          
  43          
  44          DSP_GLOBAL gs_DSP_GLOBAL_RAM;
  45          
  46          xdata U8 gc_TaskEvent_bFlag=0;
  47          xdata   U16     gw_LrcOffset;
  48          
  49          xdata   U32     gdw_LrcFilePointer;
  50          xdata   U32     gdw_LrcFileSize;
  51          xdata   U32     gdw_LrcFileCurrentCluster ;
  52          xdata   U32     gdw_LrcFileStartCluster ;
C51 COMPILER V7.10   MEMALLOC                                                              02/25/2011 15:38:12 PAGE 2   

  53          xdata   U8      gc_LrcCurrentLen;
  54          xdata   U8      gc_LrcDisplayBuf[LRC_DISPLAY_LYRICS_CHARNUMBER];
  55          
  56          xdata U16 gw_PrevTimeSec=0xffff;
  57          
  58          xdata U16 gw_init_needed;
  59          


MODULE INFORMATION:   STATIC OVERLAYABLE
   CODE SIZE        =   ----    ----
   CONSTANT SIZE    =   ----    ----
   XDATA SIZE       =    719    ----
   PDATA SIZE       =   ----    ----
   DATA SIZE        =      1    ----
   IDATA SIZE       =   ----    ----
   BIT SIZE         =      8    ----
END OF MODULE INFORMATION.


C51 COMPILATION COMPLETE.  0 WARNING(S),  0 ERROR(S)
